{"method":"GET","url":"/lib","status":200,"date":"2025-05-31T16:29:28.304Z"}
{"method":"GET","url":"/lib/60d5fbb2f295f5e2c4d5a8a1","status":200,"date":"2025-05-31T16:29:32.786Z"}
{"method":"GET","url":"/lib121","status":404,"date":"2025-05-31T16:31:14.911Z"}
{"method":"GET","url":"/lib/60d5fbb2f295f5e2c4d5a8a1","status":200,"date":"2025-05-31T16:35:52.490Z","user":"adminkopiga"}
{"method":"GET","url":"/lib/60d5fbb2f295f5e2c4d5a8a1bnbn","status":400,"date":"2025-05-31T16:36:25.994Z","user":"adminkopiga"}
{"method":"GET","url":"/lib/60d5fbb2f295f5e2c4d5a8a1","status":200,"date":"2025-05-31T16:36:50.564Z","user":"adminkopiga"}
{"method":"POST","url":"/user/login","status":400,"date":"2025-05-31T16:49:50.668Z","user":null,"role":null}
{"method":"POST","url":"/user/login","status":200,"date":"2025-05-31T16:49:57.943Z","user":null,"role":null}
{"method":"GET","url":"/lib/60d5fbb2f295f5e2c4d5a8a1","status":403,"date":"2025-05-31T16:50:14.361Z","user":"manager_john","role":{"_id":"role_manager","name":"Librarian","create":["Book","Author","Library"],"read":["Book","Author","Library"],"update":["Book","Author","Library"],"delete":[]}}
{"method":"GET","url":"/lib","status":200,"date":"2025-05-31T16:50:23.889Z","user":"manager_john","role":{"_id":"role_manager","name":"Librarian","create":["Book","Author","Library"],"read":["Book","Author","Library"],"update":["Book","Author","Library"],"delete":[]}}
{"method":"GET","url":"/lib","status":200,"date":"2025-05-31T16:51:27.927Z","user":"manager_john","role":"Librarian"}
{"method":"GET","url":"/lib/60d5fbb2f295f5e2c4d5a8a1","status":403,"date":"2025-05-31T16:51:31.703Z","user":"manager_john","role":"Librarian"}
{"method":"GET","url":"/lib/60d5fbb2f295f5e2c4d5a8a1","status":403,"date":"2025-05-31T16:58:23.344Z","user":"manager_john","role":"Librarian","ip":"::1"}
{"method":"GET","url":"/lib/60d5fbb2f295f5e2c4d5a8a1","status":403,"date":"2025-05-31T16:58:31.382Z","user":"manager_john","role":"Librarian","ip":"::1"}
{"method":"GET","url":"/lib","status":200,"date":"2025-05-31T16:58:33.897Z","user":"manager_john","role":"Librarian","ip":"::1"}
{"method":"GET","url":"/lib","status":403,"date":"2025-06-01T13:55:35.925Z","user":null,"role":null,"ip":"::1"}
{"method":"POST","url":"/user/login","status":400,"date":"2025-06-01T13:57:25.374Z","user":null,"role":null,"ip":"::1"}
{"method":"POST","url":"/user/login","status":200,"date":"2025-06-01T13:59:23.778Z","user":null,"role":null,"ip":"::1"}
{"method":"GET","url":"/lib","status":200,"date":"2025-06-01T13:59:51.943Z","user":"adminkopiga","role":"Admin","ip":"::1"}
{"method":"POST","url":"/user/login","status":400,"date":"2025-06-01T14:02:56.563Z","user":null,"role":null,"ip":"::1"}
{"method":"POST","url":"/user/login","status":200,"date":"2025-06-01T14:03:08.842Z","user":null,"role":null,"ip":"::1"}
{"method":"POST","url":"/lib","status":400,"date":"2025-06-01T14:04:35.979Z","user":"adminkopiga","role":"Admin","ip":"::1"}
{"method":"POST","url":"/lib","status":400,"date":"2025-06-01T14:04:46.512Z","user":"adminkopiga","role":"Admin","ip":"::1"}
{"method":"GET","url":"/lib","status":200,"date":"2025-06-01T14:04:52.325Z","user":"adminkopiga","role":"Admin","ip":"::1"}
{"method":"POST","url":"/user/register","status":200,"date":"2025-06-01T14:34:49.831Z","user":null,"role":null,"ip":"::1"}
{"method":"POST","url":"/user/register","status":200,"date":"2025-06-01T14:38:08.655Z","user":null,"role":null,"ip":"::1"}
{"method":"POST","url":"/user/register","status":200,"date":"2025-06-01T14:39:16.553Z","user":null,"role":null,"ip":"::1"}
{"method":"POST","url":"/user/register","status":200,"date":"2025-06-01T14:39:47.283Z","user":null,"role":null,"ip":"::1"}
{"method":"POST","url":"/user/login","status":200,"date":"2025-06-01T14:51:10.149Z","user":null,"role":null,"ip":"::1"}
{"method":"GET","url":"/lib","status":200,"date":"2025-06-01T14:52:54.233Z","user":"admin","role":"Admin","ip":"::1"}
{"method":"GET","url":"/lib","status":200,"date":"2025-06-01T15:05:14.740Z","user":"admin","role":"Admin","ip":"::1"}
{"method":"GET","url":"/user/login","status":404,"date":"2025-06-01T15:15:37.853Z","user":null,"role":null,"ip":"::1"}
{"method":"POST","url":"/user/login","status":200,"date":"2025-06-01T15:16:04.675Z","user":null,"role":null,"ip":"::1"}
{"method":"GET","url":"/lib","status":403,"date":"2025-06-01T15:16:40.495Z","user":"admin","role":"Admin","ip":"::1"}
{"method":"GET","url":"/lib","status":403,"date":"2025-06-01T15:17:07.630Z","user":"admin","role":"Admin","ip":"::1"}
{"method":"POST","url":"/user/login","status":500,"date":"2025-06-01T15:27:23.311Z","user":null,"role":null,"ip":"::1"}
{"method":"POST","url":"/user/login","status":200,"date":"2025-06-01T15:33:53.025Z","user":null,"role":null,"ip":"::1"}
{"method":"GET","url":"/lib","status":200,"date":"2025-06-01T15:34:49.911Z","user":"admin","role":"Admin","ip":"::1"}
{"method":"POST","url":"/user/login","status":200,"date":"2025-06-01T15:40:42.493Z","user":null,"role":null,"ip":"::1"}
{"method":"POST","url":"/users/login","status":404,"date":"2025-06-01T15:49:16.716Z","user":null,"role":null,"ip":"::1"}
{"method":"POST","url":"/users/login","status":404,"date":"2025-06-01T15:49:27.486Z","user":null,"role":null,"ip":"::1"}
{"method":"POST","url":"/users/login","status":404,"date":"2025-06-01T15:50:01.135Z","user":null,"role":null,"ip":"::1"}
{"method":"POST","url":"/user/login","status":200,"date":"2025-06-01T15:50:08.145Z","user":null,"role":null,"ip":"::1"}
{"method":"GET","url":"/lib","status":200,"date":"2025-06-01T15:55:48.265Z","user":"admin","role":"Admin","ip":"::1"}
{"method":"POST","url":"/user/login","status":200,"date":"2025-06-02T06:15:58.488Z","user":null,"role":null,"ip":"::1"}
{"method":"GET","url":"/lib","status":200,"date":"2025-06-02T06:26:49.284Z","user":"admin","role":"Admin","ip":"::1"}
{"method":"GET","url":"/lib","status":403,"date":"2025-06-02T06:30:05.826Z","user":"admin","role":"Admin","ip":"::1"}
{"method":"GET","url":"/lib","status":403,"date":"2025-06-02T06:31:29.197Z","user":"admin","role":"Admin","ip":"::1"}
{"method":"GET","url":"/lib","status":200,"date":"2025-06-02T06:33:11.358Z","user":"admin","role":"Admin","ip":"::1"}
{"method":"GET","url":"/emp","status":200,"date":"2025-06-02T06:47:46.189Z","user":"admin","role":"Admin","ip":"::1"}
{"method":"POST","url":"/user/login","status":200,"date":"2025-06-02T06:49:17.493Z","user":null,"role":null,"ip":"::1"}
{"method":"GET","url":"/emp","status":200,"date":"2025-06-02T06:49:33.060Z","user":"admin","role":"Admin","ip":"::1"}
{"method":"POST","url":"/user/login","status":200,"date":"2025-06-02T06:50:43.081Z","user":null,"role":null,"ip":"::1"}
{"method":"GET","url":"/emp","status":403,"date":"2025-06-02T06:51:48.392Z","user":"dataentry01","role":"DataEntry","ip":"::1"}
{"method":"POST","url":"/user/login","status":200,"date":"2025-06-02T06:52:24.363Z","user":null,"role":null,"ip":"::1"}
{"method":"GET","url":"/emp","status":200,"date":"2025-06-02T06:52:47.738Z","user":"manager01","role":"Manager","ip":"::1"}
{"method":"POST","url":"/user/login","status":200,"date":"2025-06-02T07:10:44.869Z","user":null,"role":null,"ip":"::1"}
{"method":"GET","url":"/role","status":200,"date":"2025-06-02T07:11:14.118Z","user":"admin","role":"Admin","ip":"::1"}
{"method":"POST","url":"/role","status":400,"date":"2025-06-02T07:13:24.729Z","user":"admin","role":"Admin","ip":"::1"}
{"method":"GET","url":"/role","status":200,"date":"2025-06-02T07:14:10.893Z","user":"admin","role":"Admin","ip":"::1"}
{"method":"GET","url":"/role","status":200,"date":"2025-06-02T07:20:20.138Z","user":"admin","role":"Admin","ip":"::1"}
{"method":"GET","url":"/role","status":200,"date":"2025-06-02T07:20:41.829Z","user":"admin","role":"Admin","ip":"::1"}
{"method":"GET","url":"/role","status":200,"date":"2025-06-02T07:21:39.458Z","user":"admin","role":"Admin","ip":"::1"}
{"method":"GET","url":"/lib","status":200,"date":"2025-06-02T07:22:04.290Z","user":"admin","role":"Admin","ip":"::1"}
{"method":"POST","url":"/user/login","status":200,"date":"2025-06-02T07:22:42.410Z","user":null,"role":null,"ip":"::1"}
{"method":"GET","url":"/lib","status":200,"date":"2025-06-02T07:23:02.888Z","user":"admin","role":"Admin","ip":"::1"}
{"method":"GET","url":"/emp","status":200,"date":"2025-06-02T07:23:15.198Z","user":"admin","role":"Admin","ip":"::1"}
{"method":"GET","url":"/role","status":200,"date":"2025-06-02T07:23:22.537Z","user":"admin","role":"Admin","ip":"::1"}
{"method":"GET","url":"/lib","status":200,"date":"2025-06-02T07:23:29.083Z","user":"admin","role":"Admin","ip":"::1"}
{"method":"GET","url":"/role","status":200,"date":"2025-06-02T07:23:38.498Z","user":"admin","role":"Admin","ip":"::1"}
{"method":"POST","url":"/user/login","status":500,"date":"2025-06-02T07:36:19.908Z","user":null,"role":null,"ip":"::1"}
{"method":"POST","url":"/user/login","status":500,"date":"2025-06-02T07:40:43.480Z","user":null,"role":null,"ip":"::1"}
{"method":"POST","url":"/user/login","status":500,"date":"2025-06-02T07:41:06.076Z","user":null,"role":null,"ip":"::1"}
{"method":"POST","url":"/user/login","status":500,"date":"2025-06-02T07:41:47.863Z","user":null,"role":null,"ip":"::1"}
{"method":"POST","url":"/user/login","status":500,"date":"2025-06-02T07:47:38.202Z","user":null,"role":null,"ip":"::1"}
{"method":"POST","url":"/user/login","status":200,"date":"2025-06-02T07:48:29.902Z","user":null,"role":null,"ip":"::1"}
{"method":"POST","url":"/user/login","status":500,"date":"2025-06-02T07:52:23.886Z","user":null,"role":null,"ip":"::1"}
{"method":"POST","url":"/user/login","status":500,"date":"2025-06-02T07:55:15.679Z","user":null,"role":null,"ip":"::1"}
{"method":"POST","url":"/user/login","status":500,"date":"2025-06-02T07:57:17.766Z","user":null,"role":null,"ip":"::1"}
{"method":"POST","url":"/user/login","status":500,"date":"2025-06-02T07:59:30.566Z","user":null,"role":null,"ip":"::1"}
{"method":"POST","url":"/user/login","status":500,"date":"2025-06-02T07:59:45.212Z","user":null,"role":null,"ip":"::1"}
{"method":"POST","url":"/user/login","status":500,"date":"2025-06-02T08:00:15.667Z","user":null,"role":null,"ip":"::1"}
{"method":"POST","url":"/user/login","status":200,"date":"2025-06-02T08:02:16.882Z","user":null,"role":null,"ip":"::1"}
{"method":"GET","url":"/role","status":200,"date":"2025-06-02T08:02:42.246Z","user":"admin","role":"Admin","ip":"::1"}
{"method":"POST","url":"/role","status":500,"date":"2025-06-02T08:03:14.685Z","user":"admin","role":"Admin","ip":"::1"}
{"method":"POST","url":"/role","status":500,"date":"2025-06-02T08:03:34.737Z","user":"admin","role":"Admin","ip":"::1"}
{"method":"GET","url":"/role","status":200,"date":"2025-06-02T08:03:54.780Z","user":"admin","role":"Admin","ip":"::1"}
{"method":"GET","url":"/role","status":200,"date":"2025-06-02T08:04:37.562Z","user":"admin","role":"Admin","ip":"::1"}
{"method":"POST","url":"/role","status":500,"date":"2025-06-02T08:05:00.465Z","user":"admin","role":"Admin","ip":"::1"}
{"method":"POST","url":"/role","status":500,"date":"2025-06-02T08:07:43.626Z","user":"admin","role":"Admin","ip":"::1"}
{"method":"POST","url":"/role","status":200,"date":"2025-06-02T08:09:00.729Z","user":"admin","role":"Admin","ip":"::1"}
{"method":"GET","url":"/role","status":200,"date":"2025-06-02T08:09:10.824Z","user":"admin","role":"Admin","ip":"::1"}
{"method":"POST","url":"/role","status":500,"date":"2025-06-02T08:09:28.662Z","user":"admin","role":"Admin","ip":"::1"}
{"method":"DELETE","url":"/role/role5","status":500,"date":"2025-06-02T08:13:55.049Z","user":null,"role":null,"ip":"::1"}
{"method":"GET","url":"/role","status":200,"date":"2025-06-02T08:14:12.744Z","user":"admin","role":"Admin","ip":"::1"}
{"method":"DELETE","url":"/role/id:role5","status":500,"date":"2025-06-02T08:14:38.640Z","user":null,"role":null,"ip":"::1"}
{"method":"DELETE","url":"/role/id:%22role5%22","status":500,"date":"2025-06-02T08:15:43.074Z","user":null,"role":null,"ip":"::1"}
{"method":"GET","url":"/role/id:%22role5%22","status":404,"date":"2025-06-02T08:16:35.964Z","user":null,"role":null,"ip":"::1"}
{"method":"GET","url":"/role/id:role5","status":404,"date":"2025-06-02T08:16:49.284Z","user":null,"role":null,"ip":"::1"}
{"method":"GET","url":"/role/id","status":404,"date":"2025-06-02T08:16:57.806Z","user":null,"role":null,"ip":"::1"}
{"method":"GET","url":"/role/:idrole5","status":400,"date":"2025-06-02T08:18:44.377Z","user":"admin","role":"Admin","ip":"::1"}
{"method":"GET","url":"/role/:id%22role5%22","status":400,"date":"2025-06-02T08:18:56.783Z","user":"admin","role":"Admin","ip":"::1"}
{"method":"GET","url":"/role/role5","status":400,"date":"2025-06-02T08:20:39.523Z","user":"admin","role":"Admin","ip":"::1"}
{"method":"POST","url":"/role","status":500,"date":"2025-06-02T08:20:50.945Z","user":"admin","role":"Admin","ip":"::1"}
{"method":"GET","url":"/role","status":200,"date":"2025-06-02T08:20:57.294Z","user":"admin","role":"Admin","ip":"::1"}
{"method":"GET","url":"/role/role1","status":400,"date":"2025-06-02T08:21:07.934Z","user":"admin","role":"Admin","ip":"::1"}
{"method":"GET","url":"/role/%22role1%22","status":400,"date":"2025-06-02T08:21:16.411Z","user":"admin","role":"Admin","ip":"::1"}
{"method":"GET","url":"/role/","status":200,"date":"2025-06-02T08:21:58.339Z","user":"admin","role":"Admin","ip":"::1"}
{"method":"POST","url":"/user/login","status":200,"date":"2025-06-03T06:33:00.119Z","user":null,"role":null,"ip":"::1"}
{"method":"GET","url":"/role","status":200,"date":"2025-06-03T06:33:26.215Z","user":"admin","role":"Admin","ip":"::1"}
{"method":"GET","url":"/role?id=role1","status":200,"date":"2025-06-03T06:33:57.742Z","user":"admin","role":"Admin","ip":"::1"}
{"method":"GET","url":"/role?id=role1","status":200,"date":"2025-06-03T06:37:12.199Z","user":"admin","role":"Admin","ip":"::1"}
{"method":"GET","url":"/role/id=role1","status":400,"date":"2025-06-03T06:37:44.413Z","user":"admin","role":"Admin","ip":"::1"}
{"method":"GET","url":"/role/id=role1","status":400,"date":"2025-06-03T06:38:46.308Z","user":"admin","role":"Admin","ip":"::1"}
{"method":"GET","url":"/role/:id=role1","status":400,"date":"2025-06-03T06:39:12.484Z","user":"admin","role":"Admin","ip":"::1"}
{"method":"GET","url":"/role?id=role1","status":200,"date":"2025-06-03T06:39:30.117Z","user":"admin","role":"Admin","ip":"::1"}
{"method":"GET","url":"/role/role?id=role1","status":400,"date":"2025-06-03T06:40:32.091Z","user":"admin","role":"Admin","ip":"::1"}
{"method":"GET","url":"/role/role?id=%22role1%22","status":400,"date":"2025-06-03T06:40:53.691Z","user":"admin","role":"Admin","ip":"::1"}
{"method":"GET","url":"/role/role?id=role1&&","status":400,"date":"2025-06-03T06:41:21.424Z","user":"admin","role":"Admin","ip":"::1"}
{"method":"GET","url":"/role","status":200,"date":"2025-06-03T06:41:35.710Z","user":"admin","role":"Admin","ip":"::1"}
{"method":"GET","url":"/role/role?id=role2","status":400,"date":"2025-06-03T06:41:58.802Z","user":"admin","role":"Admin","ip":"::1"}
{"method":"GET","url":"/role/role2","status":400,"date":"2025-06-03T06:43:25.352Z","user":"admin","role":"Admin","ip":"::1"}
{"method":"GET","url":"/role","status":200,"date":"2025-06-03T06:43:40.862Z","user":"admin","role":"Admin","ip":"::1"}
{"method":"GET","url":"/role/role2","status":400,"date":"2025-06-03T06:43:57.006Z","user":"admin","role":"Admin","ip":"::1"}
{"method":"GET","url":"/role/role2","status":200,"date":"2025-06-03T06:45:25.259Z","user":"admin","role":"Admin","ip":"::1"}
{"method":"POST","url":"/user/login","status":200,"date":"2025-06-03T06:53:44.486Z","user":null,"role":null,"ip":"::1"}
{"method":"GET","url":"/role","status":200,"date":"2025-06-03T06:54:16.684Z","user":"admin","role":"Admin","ip":"::1"}
{"method":"GET","url":"/role/665f1f0a66a3c2d22eabc004","status":200,"date":"2025-06-03T06:54:53.181Z","user":"admin","role":"Admin","ip":"::1"}
{"method":"POST","url":"/user/login","status":200,"date":"2025-06-05T09:31:08.765Z","user":null,"role":null,"ip":"::1"}
{"method":"GET","url":"/role","status":200,"date":"2025-06-05T09:32:41.832Z","user":"admin","role":"Admin","ip":"::1"}
{"method":"POST","url":"/user/login","status":200,"date":"2025-06-05T09:35:18.950Z","user":null,"role":null,"ip":"::1"}
{"method":"GET","url":"/role","status":200,"date":"2025-06-05T09:35:39.751Z","user":"admin","role":"Admin","ip":"::1"}
{"method":"POST","url":"/user/login","status":200,"date":"2025-06-06T05:49:23.226Z","user":null,"role":null,"ip":"::1"}
{"method":"OPTIONS","url":"/user/login","status":200,"date":"2025-06-06T05:52:41.050Z","user":null,"role":null,"ip":"::1"}
{"method":"OPTIONS","url":"/user/login","status":200,"date":"2025-06-06T05:53:46.730Z","user":null,"role":null,"ip":"::1"}
{"method":"OPTIONS","url":"/user/login","status":200,"date":"2025-06-06T05:55:11.157Z","user":null,"role":null,"ip":"::1"}
{"method":"OPTIONS","url":"/user/login","status":200,"date":"2025-06-06T05:57:43.505Z","user":null,"role":null,"ip":"::1"}
{"method":"GET","url":"/ping","status":200,"date":"2025-06-06T06:02:37.410Z","user":null,"role":null,"ip":"::1"}
{"method":"GET","url":"/favicon.ico","status":404,"date":"2025-06-06T06:02:37.556Z","user":null,"role":null,"ip":"::1"}
{"method":"OPTIONS","url":"/user/login","status":204,"date":"2025-06-06T06:09:53.886Z","user":null,"role":null,"ip":"::1"}
{"method":"POST","url":"/user/login","status":500,"date":"2025-06-06T06:09:53.908Z","user":null,"role":null,"ip":"::1"}
{"method":"POST","url":"/user/login","status":400,"date":"2025-06-06T06:12:57.607Z","user":null,"role":null,"ip":"::1"}
{"method":"POST","url":"/user/login","status":500,"date":"2025-06-06T06:13:05.341Z","user":null,"role":null,"ip":"::1"}
{"method":"OPTIONS","url":"/user/login","status":204,"date":"2025-06-06T06:24:55.726Z","user":null,"role":null,"ip":"::1"}
{"method":"POST","url":"/user/login","status":200,"date":"2025-06-06T06:24:55.823Z","user":null,"role":null,"ip":"::1"}
{"method":"OPTIONS","url":"/user/login","status":204,"date":"2025-06-06T06:30:40.054Z","user":null,"role":null,"ip":"::1"}
{"method":"POST","url":"/user/login","status":200,"date":"2025-06-06T06:30:40.114Z","user":null,"role":null,"ip":"::1"}
{"method":"OPTIONS","url":"/user/login","status":204,"date":"2025-06-06T06:30:58.696Z","user":null,"role":null,"ip":"::1"}
{"method":"POST","url":"/user/login","status":200,"date":"2025-06-06T06:30:58.751Z","user":null,"role":null,"ip":"::1"}
{"method":"POST","url":"/user/register","status":400,"date":"2025-06-06T06:42:13.318Z","user":null,"role":null,"ip":"::1"}
{"method":"POST","url":"/user/register","status":400,"date":"2025-06-06T06:43:10.082Z","user":null,"role":null,"ip":"::1"}
{"method":"POST","url":"/user/register","status":400,"date":"2025-06-06T06:43:50.552Z","user":null,"role":null,"ip":"::1"}
{"method":"POST","url":"/user/register","status":400,"date":"2025-06-06T06:44:06.828Z","user":null,"role":null,"ip":"::1"}
{"method":"POST","url":"/user/register","status":400,"date":"2025-06-06T06:44:15.207Z","user":null,"role":null,"ip":"::1"}
{"method":"POST","url":"/user/register","status":400,"date":"2025-06-06T06:45:46.135Z","user":null,"role":null,"ip":"::1"}
{"method":"POST","url":"/user/register","status":400,"date":"2025-06-06T06:46:36.276Z","user":null,"role":null,"ip":"::1"}
{"method":"POST","url":"/user/register","status":400,"date":"2025-06-06T06:47:27.913Z","user":null,"role":null,"ip":"::1"}
{"method":"POST","url":"/user/register","status":200,"date":"2025-06-06T06:47:33.661Z","user":null,"role":null,"ip":"::1"}
{"method":"OPTIONS","url":"/user/register","status":204,"date":"2025-06-06T06:48:41.428Z","user":null,"role":null,"ip":"::1"}
{"method":"POST","url":"/user/register","status":200,"date":"2025-06-06T06:48:41.487Z","user":null,"role":null,"ip":"::1"}
{"method":"OPTIONS","url":"/user/login","status":204,"date":"2025-06-06T14:01:59.985Z","user":null,"role":null,"ip":"::1"}
{"method":"POST","url":"/user/login","status":400,"date":"2025-06-06T14:02:00.078Z","user":null,"role":null,"ip":"::1"}
{"method":"OPTIONS","url":"/user/login","status":204,"date":"2025-06-06T14:09:54.444Z","user":null,"role":null,"ip":"::1"}
{"method":"POST","url":"/user/login","status":400,"date":"2025-06-06T14:09:54.622Z","user":null,"role":null,"ip":"::1"}
{"method":"OPTIONS","url":"/user/login","status":204,"date":"2025-06-06T14:13:04.713Z","user":null,"role":null,"ip":"::1"}
{"method":"POST","url":"/user/login","status":400,"date":"2025-06-06T14:13:04.869Z","user":null,"role":null,"ip":"::1"}
{"method":"OPTIONS","url":"/user/login","status":204,"date":"2025-06-06T14:13:22.215Z","user":null,"role":null,"ip":"::1"}
{"method":"POST","url":"/user/login","status":400,"date":"2025-06-06T14:13:22.323Z","user":null,"role":null,"ip":"::1"}
{"method":"OPTIONS","url":"/user/login","status":204,"date":"2025-06-06T14:16:51.179Z","user":null,"role":null,"ip":"::1"}
{"method":"POST","url":"/user/login","status":200,"date":"2025-06-06T14:16:51.242Z","user":null,"role":null,"ip":"::1"}
{"method":"OPTIONS","url":"/user/login","status":204,"date":"2025-06-06T14:19:48.945Z","user":null,"role":null,"ip":"::1"}
{"method":"POST","url":"/user/login","status":200,"date":"2025-06-06T14:19:49.006Z","user":null,"role":null,"ip":"::1"}
{"method":"OPTIONS","url":"/user/login","status":204,"date":"2025-06-06T14:21:46.954Z","user":null,"role":null,"ip":"::1"}
{"method":"POST","url":"/user/login","status":200,"date":"2025-06-06T14:21:47.019Z","user":null,"role":null,"ip":"::1"}
{"method":"OPTIONS","url":"/emp","status":204,"date":"2025-06-06T14:26:56.410Z","user":null,"role":null,"ip":"::1"}
{"method":"OPTIONS","url":"/user/login","status":204,"date":"2025-06-06T14:33:11.338Z","user":null,"role":null,"ip":"::1"}
{"method":"POST","url":"/user/login","status":200,"date":"2025-06-06T14:33:11.409Z","user":null,"role":null,"ip":"::1"}
{"method":"GET","url":"/emp","status":403,"date":"2025-06-06T14:33:12.460Z","user":null,"role":null,"ip":"::1"}
{"method":"GET","url":"/emp","status":403,"date":"2025-06-06T14:33:12.465Z","user":null,"role":null,"ip":"::1"}
{"method":"GET","url":"/emp","status":403,"date":"2025-06-06T14:33:25.842Z","user":null,"role":null,"ip":"::1"}
{"method":"GET","url":"/emp","status":403,"date":"2025-06-06T14:33:25.850Z","user":null,"role":null,"ip":"::1"}
{"method":"OPTIONS","url":"/emp","status":204,"date":"2025-06-06T14:34:14.939Z","user":null,"role":null,"ip":"::1"}
{"method":"OPTIONS","url":"/emp","status":204,"date":"2025-06-06T14:34:14.943Z","user":null,"role":null,"ip":"::1"}
{"method":"POST","url":"/user/login","status":200,"date":"2025-06-06T14:36:29.989Z","user":null,"role":null,"ip":"::1"}
{"method":"OPTIONS","url":"/user/login","status":204,"date":"2025-06-06T14:37:38.233Z","user":null,"role":null,"ip":"::1"}
{"method":"POST","url":"/user/login","status":400,"date":"2025-06-06T14:37:38.290Z","user":null,"role":null,"ip":"::1"}
{"method":"OPTIONS","url":"/user/login","status":204,"date":"2025-06-06T14:37:47.733Z","user":null,"role":null,"ip":"::1"}
{"method":"POST","url":"/user/login","status":200,"date":"2025-06-06T14:37:47.792Z","user":null,"role":null,"ip":"::1"}
{"method":"OPTIONS","url":"/emp","status":204,"date":"2025-06-06T14:37:48.826Z","user":null,"role":null,"ip":"::1"}
{"method":"OPTIONS","url":"/emp","status":204,"date":"2025-06-06T14:37:48.829Z","user":null,"role":null,"ip":"::1"}
{"method":"POST","url":"/user/login","status":200,"date":"2025-06-06T14:40:13.297Z","user":null,"role":null,"ip":"::1"}
{"method":"GET","url":"/emp","status":200,"date":"2025-06-06T14:40:36.039Z","user":"manager01","role":"Manager","ip":"::1"}
{"method":"GET","url":"/emp","status":200,"date":"2025-06-06T14:44:55.936Z","user":"manager01","role":"Manager","ip":"::1"}
{"method":"OPTIONS","url":"/user/login","status":204,"date":"2025-06-06T14:45:45.023Z","user":null,"role":null,"ip":"::1"}
{"method":"POST","url":"/user/login","status":200,"date":"2025-06-06T14:45:45.082Z","user":null,"role":null,"ip":"::1"}
{"method":"OPTIONS","url":"/emp","status":204,"date":"2025-06-06T14:45:46.113Z","user":null,"role":null,"ip":"::1"}
{"method":"OPTIONS","url":"/emp","status":204,"date":"2025-06-06T14:45:46.115Z","user":null,"role":null,"ip":"::1"}
{"method":"OPTIONS","url":"/emp","status":204,"date":"2025-06-06T14:46:48.669Z","user":null,"role":null,"ip":"::1"}
{"method":"OPTIONS","url":"/user/login","status":204,"date":"2025-06-06T14:49:22.318Z","user":null,"role":null,"ip":"::1"}
{"method":"POST","url":"/user/login","status":200,"date":"2025-06-06T14:49:22.412Z","user":null,"role":null,"ip":"::1"}
{"method":"GET","url":"/emp","status":200,"date":"2025-06-06T14:49:42.409Z","user":"admin","role":"Admin","ip":"::1"}
{"method":"POST","url":"/user/login","status":200,"date":"2025-06-06T14:51:05.612Z","user":null,"role":null,"ip":"::1"}
{"method":"POST","url":"/user/login","status":200,"date":"2025-06-06T14:54:37.199Z","user":null,"role":null,"ip":"::1"}
{"method":"POST","url":"/user/login","status":200,"date":"2025-06-06T14:54:50.495Z","user":null,"role":null,"ip":"::1"}
{"method":"GET","url":"/emp","status":403,"date":"2025-06-06T14:55:52.250Z","user":null,"role":null,"ip":"::1"}
{"method":"POST","url":"/user/login","status":200,"date":"2025-06-06T14:56:46.213Z","user":null,"role":null,"ip":"::1"}
{"method":"POST","url":"/user/login","status":200,"date":"2025-06-06T14:58:07.662Z","user":null,"role":null,"ip":"::1"}
{"method":"OPTIONS","url":"/user/login","status":204,"date":"2025-06-06T14:59:55.787Z","user":null,"role":null,"ip":"::1"}
{"method":"POST","url":"/user/login","status":200,"date":"2025-06-06T14:59:55.879Z","user":null,"role":null,"ip":"::1"}
{"method":"OPTIONS","url":"/emp","status":204,"date":"2025-06-06T15:00:22.377Z","user":null,"role":null,"ip":"::1"}
{"method":"POST","url":"/user/login","status":200,"date":"2025-06-06T15:00:59.004Z","user":null,"role":null,"ip":"::1"}
{"method":"GET","url":"/emp","status":200,"date":"2025-06-06T15:01:13.308Z","user":"admin","role":"Admin","ip":"::1"}
{"method":"OPTIONS","url":"/user/login","status":204,"date":"2025-06-06T15:01:51.656Z","user":null,"role":null,"ip":"::1"}
{"method":"POST","url":"/user/login","status":200,"date":"2025-06-06T15:01:51.743Z","user":null,"role":null,"ip":"::1"}
{"method":"OPTIONS","url":"/emp","status":204,"date":"2025-06-06T15:01:52.775Z","user":null,"role":null,"ip":"::1"}
{"method":"OPTIONS","url":"/emp","status":204,"date":"2025-06-06T15:01:52.777Z","user":null,"role":null,"ip":"::1"}
{"method":"GET","url":"/emp","status":200,"date":"2025-06-06T15:01:52.810Z","user":"admin","role":"Admin","ip":"::1"}
{"method":"GET","url":"/emp","status":304,"date":"2025-06-06T15:01:52.834Z","user":"admin","role":"Admin","ip":"::1"}
{"method":"OPTIONS","url":"/emp","status":204,"date":"2025-06-06T15:03:45.446Z","user":null,"role":null,"ip":"::1"}
{"method":"OPTIONS","url":"/emp","status":204,"date":"2025-06-06T15:03:45.451Z","user":null,"role":null,"ip":"::1"}
{"method":"GET","url":"/emp","status":304,"date":"2025-06-06T15:03:45.471Z","user":"admin","role":"Admin","ip":"::1"}
{"method":"GET","url":"/emp","status":304,"date":"2025-06-06T15:03:45.494Z","user":"admin","role":"Admin","ip":"::1"}
{"method":"OPTIONS","url":"/emp","status":204,"date":"2025-06-06T15:04:14.635Z","user":null,"role":null,"ip":"::1"}
{"method":"GET","url":"/emp","status":304,"date":"2025-06-06T15:04:14.839Z","user":"admin","role":"Admin","ip":"::1"}
{"method":"GET","url":"/emp","status":304,"date":"2025-06-06T15:04:15.256Z","user":"admin","role":"Admin","ip":"::1"}
{"method":"OPTIONS","url":"/user/login","status":204,"date":"2025-06-06T15:09:31.284Z","user":null,"role":null,"ip":"::1"}
{"method":"POST","url":"/user/login","status":200,"date":"2025-06-06T15:09:31.370Z","user":null,"role":null,"ip":"::1"}
{"method":"OPTIONS","url":"/emp","status":204,"date":"2025-06-06T15:09:32.398Z","user":null,"role":null,"ip":"::1"}
{"method":"OPTIONS","url":"/emp","status":204,"date":"2025-06-06T15:09:32.400Z","user":null,"role":null,"ip":"::1"}
{"method":"GET","url":"/emp","status":304,"date":"2025-06-06T15:09:32.425Z","user":"admin","role":"Admin","ip":"::1"}
{"method":"GET","url":"/emp","status":304,"date":"2025-06-06T15:09:32.467Z","user":"admin","role":"Admin","ip":"::1"}
{"method":"OPTIONS","url":"/user/login","status":204,"date":"2025-06-06T17:35:45.593Z","user":null,"role":null,"ip":"::1"}
{"method":"POST","url":"/user/login","status":200,"date":"2025-06-06T17:35:45.664Z","user":null,"role":null,"ip":"::1"}
{"method":"OPTIONS","url":"/emp","status":204,"date":"2025-06-06T17:35:46.694Z","user":null,"role":null,"ip":"::1"}
{"method":"OPTIONS","url":"/emp","status":204,"date":"2025-06-06T17:35:46.696Z","user":null,"role":null,"ip":"::1"}
{"method":"GET","url":"/emp","status":304,"date":"2025-06-06T17:35:46.722Z","user":"admin","role":"Admin","ip":"::1"}
{"method":"GET","url":"/emp","status":304,"date":"2025-06-06T17:35:46.759Z","user":"admin","role":"Admin","ip":"::1"}
{"method":"OPTIONS","url":"/emp","status":204,"date":"2025-06-06T17:35:59.665Z","user":null,"role":null,"ip":"::1"}
{"method":"OPTIONS","url":"/emp","status":204,"date":"2025-06-06T17:35:59.670Z","user":null,"role":null,"ip":"::1"}
{"method":"OPTIONS","url":"/emp","status":204,"date":"2025-06-06T17:38:30.182Z","user":null,"role":null,"ip":"::1"}
{"method":"OPTIONS","url":"/emp","status":204,"date":"2025-06-06T17:39:04.917Z","user":null,"role":null,"ip":"::1"}
{"method":"OPTIONS","url":"/emp","status":204,"date":"2025-06-06T17:39:27.258Z","user":null,"role":null,"ip":"::1"}
{"method":"OPTIONS","url":"/emp","status":204,"date":"2025-06-06T17:39:27.260Z","user":null,"role":null,"ip":"::1"}
{"method":"OPTIONS","url":"/emp","status":204,"date":"2025-06-06T18:03:33.847Z","user":null,"role":null,"ip":"::1"}
{"method":"OPTIONS","url":"/emp","status":204,"date":"2025-06-06T18:03:33.863Z","user":null,"role":null,"ip":"::1"}
{"method":"OPTIONS","url":"/user/login","status":204,"date":"2025-06-06T18:05:50.321Z","user":null,"role":null,"ip":"::1"}
{"method":"OPTIONS","url":"/user/login","status":204,"date":"2025-06-06T18:05:50.322Z","user":null,"role":null,"ip":"::1"}
{"method":"OPTIONS","url":"/user/login","status":204,"date":"2025-06-06T18:05:50.323Z","user":null,"role":null,"ip":"::1"}
{"method":"OPTIONS","url":"/user/login","status":204,"date":"2025-06-06T18:05:50.323Z","user":null,"role":null,"ip":"::1"}
{"method":"OPTIONS","url":"/user/login","status":204,"date":"2025-06-06T18:05:50.323Z","user":null,"role":null,"ip":"::1"}
{"method":"OPTIONS","url":"/user/login","status":204,"date":"2025-06-06T18:05:50.324Z","user":null,"role":null,"ip":"::1"}
{"method":"OPTIONS","url":"/user/login","status":204,"date":"2025-06-06T18:05:50.324Z","user":null,"role":null,"ip":"::1"}
{"method":"OPTIONS","url":"/user/login","status":204,"date":"2025-06-06T18:05:50.327Z","user":null,"role":null,"ip":"::1"}
{"method":"OPTIONS","url":"/user/login","status":204,"date":"2025-06-06T18:05:50.327Z","user":null,"role":null,"ip":"::1"}
{"method":"OPTIONS","url":"/user/login","status":204,"date":"2025-06-06T18:05:50.328Z","user":null,"role":null,"ip":"::1"}
{"method":"OPTIONS","url":"/user/login","status":204,"date":"2025-06-06T18:05:50.329Z","user":null,"role":null,"ip":"::1"}
{"method":"OPTIONS","url":"/user/login","status":204,"date":"2025-06-06T18:05:50.340Z","user":null,"role":null,"ip":"::1"}
{"method":"OPTIONS","url":"/user/login","status":204,"date":"2025-06-06T18:05:50.341Z","user":null,"role":null,"ip":"::1"}
{"method":"POST","url":"/user/login","status":200,"date":"2025-06-06T18:05:50.421Z","user":null,"role":null,"ip":"::1"}
{"method":"POST","url":"/user/login","status":200,"date":"2025-06-06T18:05:50.424Z","user":null,"role":null,"ip":"::1"}
{"method":"POST","url":"/user/login","status":200,"date":"2025-06-06T18:05:50.425Z","user":null,"role":null,"ip":"::1"}
{"method":"POST","url":"/user/login","status":200,"date":"2025-06-06T18:05:50.427Z","user":null,"role":null,"ip":"::1"}
{"method":"POST","url":"/user/login","status":200,"date":"2025-06-06T18:05:50.483Z","user":null,"role":null,"ip":"::1"}
{"method":"POST","url":"/user/login","status":200,"date":"2025-06-06T18:05:50.488Z","user":null,"role":null,"ip":"::1"}
{"method":"POST","url":"/user/login","status":200,"date":"2025-06-06T18:05:50.504Z","user":null,"role":null,"ip":"::1"}
{"method":"POST","url":"/user/login","status":200,"date":"2025-06-06T18:05:50.511Z","user":null,"role":null,"ip":"::1"}
{"method":"POST","url":"/user/login","status":200,"date":"2025-06-06T18:05:50.546Z","user":null,"role":null,"ip":"::1"}
{"method":"POST","url":"/user/login","status":200,"date":"2025-06-06T18:05:50.548Z","user":null,"role":null,"ip":"::1"}
{"method":"POST","url":"/user/login","status":200,"date":"2025-06-06T18:05:50.566Z","user":null,"role":null,"ip":"::1"}
{"method":"POST","url":"/user/login","status":200,"date":"2025-06-06T18:05:50.572Z","user":null,"role":null,"ip":"::1"}
{"method":"POST","url":"/user/login","status":200,"date":"2025-06-06T18:05:50.604Z","user":null,"role":null,"ip":"::1"}
{"method":"OPTIONS","url":"/emp","status":204,"date":"2025-06-06T18:05:51.501Z","user":null,"role":null,"ip":"::1"}
{"method":"OPTIONS","url":"/emp","status":204,"date":"2025-06-06T18:05:51.502Z","user":null,"role":null,"ip":"::1"}
{"method":"GET","url":"/emp","status":200,"date":"2025-06-06T18:05:51.572Z","user":"admin","role":"Admin","ip":"::1"}
{"method":"GET","url":"/emp","status":304,"date":"2025-06-06T18:05:51.581Z","user":"admin","role":"Admin","ip":"::1"}
{"method":"OPTIONS","url":"/user/login","status":204,"date":"2025-06-06T18:06:20.160Z","user":null,"role":null,"ip":"::1"}
{"method":"POST","url":"/user/login","status":200,"date":"2025-06-06T18:06:20.219Z","user":null,"role":null,"ip":"::1"}
{"method":"OPTIONS","url":"/emp","status":204,"date":"2025-06-06T18:06:21.243Z","user":null,"role":null,"ip":"::1"}
{"method":"OPTIONS","url":"/emp","status":204,"date":"2025-06-06T18:06:21.244Z","user":null,"role":null,"ip":"::1"}
{"method":"GET","url":"/emp","status":304,"date":"2025-06-06T18:06:21.262Z","user":"admin","role":"Admin","ip":"::1"}
{"method":"GET","url":"/emp","status":304,"date":"2025-06-06T18:06:21.277Z","user":"admin","role":"Admin","ip":"::1"}
{"method":"OPTIONS","url":"/user/login","status":204,"date":"2025-06-06T18:07:24.251Z","user":null,"role":null,"ip":"::1"}
{"method":"POST","url":"/user/login","status":200,"date":"2025-06-06T18:07:24.319Z","user":null,"role":null,"ip":"::1"}
{"method":"OPTIONS","url":"/emp","status":204,"date":"2025-06-06T18:07:25.349Z","user":null,"role":null,"ip":"::1"}
{"method":"OPTIONS","url":"/emp","status":204,"date":"2025-06-06T18:07:25.350Z","user":null,"role":null,"ip":"::1"}
{"method":"GET","url":"/emp","status":304,"date":"2025-06-06T18:07:25.368Z","user":"admin","role":"Admin","ip":"::1"}
{"method":"GET","url":"/emp","status":304,"date":"2025-06-06T18:07:25.385Z","user":"admin","role":"Admin","ip":"::1"}
{"method":"OPTIONS","url":"/emp","status":204,"date":"2025-06-06T18:07:59.374Z","user":null,"role":null,"ip":"::1"}
{"method":"OPTIONS","url":"/emp","status":204,"date":"2025-06-06T18:08:41.989Z","user":null,"role":null,"ip":"::1"}
{"method":"OPTIONS","url":"/user/login","status":204,"date":"2025-06-06T18:12:20.771Z","user":null,"role":null,"ip":"::1"}
{"method":"POST","url":"/user/login","status":200,"date":"2025-06-06T18:12:20.844Z","user":null,"role":null,"ip":"::1"}
{"method":"OPTIONS","url":"/emp","status":204,"date":"2025-06-06T18:12:21.884Z","user":null,"role":null,"ip":"::1"}
{"method":"OPTIONS","url":"/emp","status":204,"date":"2025-06-06T18:12:21.887Z","user":null,"role":null,"ip":"::1"}
{"method":"GET","url":"/emp","status":304,"date":"2025-06-06T18:12:21.912Z","user":"admin","role":"Admin","ip":"::1"}
{"method":"GET","url":"/emp","status":304,"date":"2025-06-06T18:12:21.927Z","user":"admin","role":"Admin","ip":"::1"}
{"method":"OPTIONS","url":"/emp","status":204,"date":"2025-06-06T18:12:39.803Z","user":null,"role":null,"ip":"::1"}
{"method":"OPTIONS","url":"/emp","status":204,"date":"2025-06-06T18:12:39.974Z","user":null,"role":null,"ip":"::1"}
{"method":"OPTIONS","url":"/user/login","status":204,"date":"2025-06-06T18:25:17.511Z","user":null,"role":null,"ip":"::1"}
{"method":"POST","url":"/user/login","status":200,"date":"2025-06-06T18:25:17.585Z","user":null,"role":null,"ip":"::1"}
{"method":"OPTIONS","url":"/user/login","status":204,"date":"2025-06-06T18:28:10.013Z","user":null,"role":null,"ip":"::1"}
{"method":"POST","url":"/user/login","status":200,"date":"2025-06-06T18:28:10.081Z","user":null,"role":null,"ip":"::1"}
{"method":"OPTIONS","url":"/user/login","status":204,"date":"2025-06-06T18:30:37.954Z","user":null,"role":null,"ip":"::1"}
{"method":"POST","url":"/user/login","status":200,"date":"2025-06-06T18:30:38.017Z","user":null,"role":null,"ip":"::1"}
{"method":"OPTIONS","url":"/user/login","status":204,"date":"2025-06-06T18:31:34.686Z","user":null,"role":null,"ip":"::1"}
{"method":"POST","url":"/user/login","status":200,"date":"2025-06-06T18:31:34.746Z","user":null,"role":null,"ip":"::1"}
{"method":"OPTIONS","url":"/emp","status":204,"date":"2025-06-06T18:31:35.783Z","user":null,"role":null,"ip":"::1"}
{"method":"OPTIONS","url":"/emp","status":204,"date":"2025-06-06T18:31:35.785Z","user":null,"role":null,"ip":"::1"}
{"method":"GET","url":"/emp","status":304,"date":"2025-06-06T18:31:35.813Z","user":"admin","role":"Admin","ip":"::1"}
{"method":"GET","url":"/emp","status":304,"date":"2025-06-06T18:31:35.831Z","user":"admin","role":"Admin","ip":"::1"}
{"method":"POST","url":"/auth/login","status":200,"date":"2025-06-06T19:19:19.422Z","user":null,"role":null,"ip":"::1"}
{"method":"POST","url":"/auth/login","status":200,"date":"2025-06-06T19:20:57.426Z","user":null,"role":null,"ip":"::1"}
{"method":"POST","url":"/auth/login","status":200,"date":"2025-06-06T19:24:49.204Z","user":null,"role":null,"ip":"::1"}
{"method":"GET","url":"/emp","status":200,"date":"2025-06-06T19:24:53.525Z","user":"admin","role":"Admin","ip":"::1"}
{"method":"POST","url":"/auth/login","status":200,"date":"2025-06-06T19:25:54.730Z","user":null,"role":null,"ip":"::1"}
{"method":"POST","url":"/auth/login","status":200,"date":"2025-06-06T19:26:54.307Z","user":null,"role":null,"ip":"::1"}
{"method":"GET","url":"/emp","status":200,"date":"2025-06-06T19:27:07.283Z","user":"admin","role":"Admin","ip":"::1"}
{"method":"GET","url":"/logs","status":404,"date":"2025-06-07T06:40:22.902Z","user":null,"role":null,"ip":"::1"}
{"method":"GET","url":"/logs","status":404,"date":"2025-06-07T06:41:14.063Z","user":null,"role":null,"ip":"::1"}
{"method":"GET","url":"/user/manager","status":404,"date":"2025-06-07T15:05:10.020Z","user":"admin","role":"Admin","ip":"::1"}
